[www.myrbcl.com/index.html]
[backblue.gif]
[fade.gif]
[index.html]
[www.myrbcl.com/plugins/goodlayers-core/plugins/fontawesome/font-awesome.css]
[www.myrbcl.com/plugins/goodlayers-core/plugins/elegant/elegant-font.css]
[www.myrbcl.com/plugins/goodlayers-core/plugins/style.css]
[www.myrbcl.com/plugins/goodlayers-core/include/css/page-builder.css]
[www.myrbcl.com/plugins/goodlayers-core/plugins/fa5/fa5.css]
[www.myrbcl.com/plugins/goodlayers-core/plugins/ionicons/ionicons.css]
[www.myrbcl.com/plugins/goodlayers-core/plugins/simpleline/simpleline.css]
[www.myrbcl.com/plugins/revslider/public/assets/css/rs6.css]
[www.myrbcl.com/plugins/sportspress/assets/css/sportspress.css]
[www.myrbcl.com/plugins/sportspress/assets/css/icons.css]
[www.myrbcl.com/css/style-core.css]
[www.myrbcl.com/css/bigslam-style-custom.css]
[www.myrbcl.com/plugins/google-map-plugin/assets/css/frontend.css]
[www.myrbcl.com/index-2.html]
[www.myrbcl.com/upload/RBCL-Logo1.png]
[www.myrbcl.com/what-is-rbcl.html]
[www.myrbcl.com/rbcl-gallery.html]
[www.myrbcl.com/rbcl-organisers.html]
[www.myrbcl.com/rbcl-team.html]
[www.myrbcl.com/process.html]
[www.myrbcl.com/rbcl-documents.html]
[www.myrbcl.com/rbcl-management.html]
[www.myrbcl.com/contact.html]
[www.myrbcl.com/pay-fees.html]
[www.myrbcl.com/registration.html]
[www.myrbcl.com/upload/hp3-slider-1.jpg]
[www.myrbcl.com/upload/dot-blue.png]
[www.myrbcl.com/upload/hp3-slider-2.jpg]
[www.myrbcl.com/upload/bg-p1.jpg]
[www.myrbcl.com/upload/crick.png]
[www.myrbcl.com/upload/service-bg-32.1e.delayed]
[www.myrbcl.com/upload/adv1.png]
[www.myrbcl.com/upload/adv2.png]
[www.myrbcl.com/upload/adv3.png]
[www.myrbcl.com/upload/adv4.png]
[www.myrbcl.com/upload/adv5.png]
[www.myrbcl.com/upload/adv6.png]
[www.myrbcl.com/upload/adv7.png]
[www.myrbcl.com/upload/adv8.png]
[www.myrbcl.com/upload/adv10.png]
[www.myrbcl.com/upload/dhoni.jpg]
[www.myrbcl.com/upload/sachin.jpg]
[www.myrbcl.com/upload/klrahul.jpg]
[www.myrbcl.com/upload/viratkohli.jpg]
[www.myrbcl.com/upload/maxwell.jpg]
[www.myrbcl.com/upload/rbcl-team1.png]
[www.myrbcl.com/upload/rbcl-team13.png]
[www.myrbcl.com/upload/rbcl-team3.png]
[www.myrbcl.com/upload/rbcl-team11.jpg]
[www.myrbcl.com/upload/rbcl-team4.png]
[www.myrbcl.com/upload/rbcl-team5.png]
[www.myrbcl.com/upload/rbcl-team8.png]
[www.myrbcl.com/upload/rbcl-team-9.png]
[www.myrbcl.com/upload/rbcl-team10.png]
[www.myrbcl.com/upload/rbcl-team12.png]
[www.myrbcl.com/upload/rbcl-team14.png]
[www.myrbcl.com/upload/rbcl-team15.png]
[www.myrbcl.com/rbcl-faqs.html]
[www.myrbcl.com/payment-policy.html]
[www.myrbcl.com/term-and-condition.html]
[www.myrbcl.com/code-of-conduct.html]
[www.myrbcl.com/img/whatspp-icon.gif]
[www.myrbcl.com/js/jquery/jquery.js]
[www.myrbcl.com/js/jquery/jquery-migrate.min.js]
[www.myrbcl.com/plugins/revslider/public/assets/js/revolution.tools.min.js]
[www.myrbcl.com/plugins/revslider/public/assets/js/rs6.min.js]
[www.myrbcl.com/plugins/snazzy-maps/snazzymaps.js]
[www.myrbcl.com/plugins/goodlayers-core/plugins/script.js]
[www.myrbcl.com/plugins/goodlayers-core/include/js/page-builder.js]
[www.myrbcl.com/plugins/sportspress/assets/js/jquery.dataTables.min.js]
[www.myrbcl.com/plugins/sportspress/assets/js/sportspress.js]
[www.myrbcl.com/js/jquery/ui/effect.min.js]
[www.myrbcl.com/js/plugins.js]
[www.myrbcl.com/plugins/google-map-plugin/assets/js/maps.js]
[www.myrbcl.com/index.html]
[www.myrbcl.com/plugins/goodlayers-core/plugins/fontawesome/fontawesome-webfont.eot]
[www.myrbcl.com/plugins/goodlayers-core/plugins/fontawesome/fontawesome-webfont-1.eot]
[www.myrbcl.com/plugins/goodlayers-core/plugins/fontawesome/fontawesome-webfont.woff2]
[www.myrbcl.com/plugins/goodlayers-core/plugins/fontawesome/fontawesome-webfont.woff]
[www.myrbcl.com/plugins/goodlayers-core/plugins/fontawesome/fontawesome-webfont.ttf]
[www.myrbcl.com/plugins/goodlayers-core/plugins/fontawesome/font-awesome.css]
[www.myrbcl.com/plugins/goodlayers-core/plugins/fontawesome/fontawesome-webfont.svg]
[www.myrbcl.com/plugins/goodlayers-core/plugins/elegant/ElegantIcons.eot]
[www.myrbcl.com/plugins/goodlayers-core/plugins/elegant/ElegantIcons-1.eot]
[www.myrbcl.com/plugins/goodlayers-core/plugins/elegant/ElegantIcons.woff]
[www.myrbcl.com/plugins/goodlayers-core/plugins/elegant/ElegantIcons.ttf]
[www.myrbcl.com/plugins/goodlayers-core/plugins/elegant/ElegantIcons.svg]
[www.myrbcl.com/plugins/goodlayers-core/plugins/elegant/elegant-font.css]
[www.myrbcl.com/plugins/goodlayers-core/plugins/skin-ilightbox/closedhand.cur]
[www.myrbcl.com/plugins/goodlayers-core/plugins/skin-ilightbox/social_icons/facebook_16.png]
[www.myrbcl.com/plugins/goodlayers-core/plugins/skin-ilightbox/social_icons/digg_16.png]
[www.myrbcl.com/plugins/goodlayers-core/plugins/skin-ilightbox/social_icons/twitter_16.png]
[www.myrbcl.com/plugins/goodlayers-core/plugins/skin-ilightbox/social_icons/delicious_16.png]
[www.myrbcl.com/plugins/goodlayers-core/plugins/skin-ilightbox/social_icons/reddit_16.png]
[www.myrbcl.com/plugins/goodlayers-core/plugins/skin-ilightbox/social_icons/google_plus_16.png]
[www.myrbcl.com/plugins/goodlayers-core/plugins/skin-ilightbox/dark-skin/preloader.gif]
[www.myrbcl.com/plugins/goodlayers-core/plugins/skin-ilightbox/dark-skin/caption-bg.png]
[www.myrbcl.com/plugins/goodlayers-core/plugins/skin-ilightbox/dark-skin/alert.png]
[www.myrbcl.com/plugins/goodlayers-core/plugins/skin-ilightbox/dark-skin/buttons.png]
[www.myrbcl.com/plugins/goodlayers-core/plugins/skin-ilightbox/dark-skin/fullscreen-icon-64.png]
[www.myrbcl.com/plugins/goodlayers-core/plugins/skin-ilightbox/dark-skin/fullscreen-icon-ie.png]
[www.myrbcl.com/plugins/goodlayers-core/plugins/skin-ilightbox/dark-skin/x-mark-icon-64.png]
[www.myrbcl.com/plugins/goodlayers-core/plugins/skin-ilightbox/dark-skin/x-mark-icon-ie.png]
[www.myrbcl.com/plugins/goodlayers-core/plugins/skin-ilightbox/dark-skin/arrow-next-icon-64.png]
[www.myrbcl.com/plugins/goodlayers-core/plugins/skin-ilightbox/dark-skin/arrow-next-icon-ie.png]
[www.myrbcl.com/plugins/goodlayers-core/plugins/skin-ilightbox/dark-skin/arrow-prev-icon-64.png]
[www.myrbcl.com/plugins/goodlayers-core/plugins/skin-ilightbox/dark-skin/arrow-prev-icon-ie.png]
[www.myrbcl.com/plugins/goodlayers-core/plugins/skin-ilightbox/dark-skin/play-icon-64.png]
[www.myrbcl.com/plugins/goodlayers-core/plugins/skin-ilightbox/dark-skin/play-icon-ie.png]
[www.myrbcl.com/plugins/goodlayers-core/plugins/skin-ilightbox/dark-skin/pause-icon-64.png]
[www.myrbcl.com/plugins/goodlayers-core/plugins/skin-ilightbox/dark-skin/pause-icon-ie.png]
[www.myrbcl.com/plugins/goodlayers-core/plugins/skin-ilightbox/dark-skin/thumb-overlay-play.png]
[www.myrbcl.com/plugins/goodlayers-core/plugins/skin-ilightbox/dark-skin/arrow-next-vertical-icon-64.png]
[www.myrbcl.com/plugins/goodlayers-core/plugins/skin-ilightbox/dark-skin/arrow-prev-vertical-icon-64.png]
[www.myrbcl.com/plugins/goodlayers-core/plugins/arrow-prev-icon-64.html]
[www.myrbcl.com/plugins/goodlayers-core/plugins/style.css]
[www.myrbcl.com/plugins/goodlayers-core/include/images/blog-style/blog-item-gradient.png]
[www.myrbcl.com/plugins/goodlayers-core/include/images/blog-style/blog-item-gradient2.png]
[www.myrbcl.com/plugins/goodlayers-core/include/images/post-slider/gradient.png]
[www.myrbcl.com/plugins/goodlayers-core/include/images/gallery/gallery-shadow.png]
[www.myrbcl.com/plugins/goodlayers-core/include/images/portfolio/now-loading.gif]
[www.myrbcl.com/plugins/goodlayers-core/include/images/content-blocked.jpg]
[www.myrbcl.com/plugins/goodlayers-core/include/css/page-builder.css]
[www.myrbcl.com/plugins/goodlayers-core/plugins/fa5/fa-brands-400.eot]
[www.myrbcl.com/plugins/goodlayers-core/plugins/fa5/fa-brands-400-1.eot]
[www.myrbcl.com/plugins/goodlayers-core/plugins/fa5/fa-brands-400.woff2]
[www.myrbcl.com/plugins/goodlayers-core/plugins/fa5/fa-brands-400.woff]
[www.myrbcl.com/plugins/goodlayers-core/plugins/fa5/fa-brands-400.ttf]
[www.myrbcl.com/plugins/goodlayers-core/plugins/fa5/fa-brands-400.svg]
[www.myrbcl.com/plugins/goodlayers-core/plugins/fa5/fa-regular-400.eot]
[www.myrbcl.com/plugins/goodlayers-core/plugins/fa5/fa-regular-400-1.eot]
[www.myrbcl.com/plugins/goodlayers-core/plugins/fa5/fa-regular-400.woff2]
[www.myrbcl.com/plugins/goodlayers-core/plugins/fa5/fa-regular-400.woff]
[www.myrbcl.com/plugins/goodlayers-core/plugins/fa5/fa-regular-400.ttf]
[www.myrbcl.com/plugins/goodlayers-core/plugins/fa5/fa-regular-400.svg]
[www.myrbcl.com/plugins/goodlayers-core/plugins/fa5/fa-solid-900.eot]
[www.myrbcl.com/plugins/goodlayers-core/plugins/fa5/fa-solid-900-1.eot]
[www.myrbcl.com/plugins/goodlayers-core/plugins/fa5/fa-solid-900.woff2]
[www.myrbcl.com/plugins/goodlayers-core/plugins/fa5/fa-solid-900.woff]
[www.myrbcl.com/plugins/goodlayers-core/plugins/fa5/fa-solid-900.ttf]
[www.myrbcl.com/plugins/goodlayers-core/plugins/fa5/fa5.css]
[www.myrbcl.com/plugins/goodlayers-core/plugins/fa5/fa-solid-900.svg]
[www.myrbcl.com/plugins/goodlayers-core/plugins/ionicons/ionicons.eot]
[www.myrbcl.com/plugins/goodlayers-core/plugins/ionicons/ionicons.ttf]
[www.myrbcl.com/plugins/goodlayers-core/plugins/ionicons/ionicons.woff]
[www.myrbcl.com/plugins/goodlayers-core/plugins/ionicons/ionicons.svg]
[www.myrbcl.com/plugins/goodlayers-core/plugins/ionicons/ionicons.css]
[www.myrbcl.com/plugins/goodlayers-core/plugins/simpleline/Simple-Line-Icons.eot]
[www.myrbcl.com/plugins/goodlayers-core/plugins/simpleline/Simple-Line-Icons.woff2]
[www.myrbcl.com/plugins/goodlayers-core/plugins/simpleline/Simple-Line-Icons.ttf]
[www.myrbcl.com/plugins/goodlayers-core/plugins/simpleline/Simple-Line-Icons.woff]
[www.myrbcl.com/plugins/goodlayers-core/plugins/simpleline/Simple-Line-Icons.svg]
[www.myrbcl.com/plugins/goodlayers-core/plugins/simpleline/simpleline.css]
[www.myrbcl.com/plugins/revslider/public/assets/fonts/revicons/revicons.eot]
[www.myrbcl.com/plugins/revslider/public/assets/fonts/revicons/revicons.woff]
[www.myrbcl.com/plugins/revslider/public/assets/fonts/revicons/revicons.ttf]
[www.myrbcl.com/plugins/revslider/public/assets/fonts/revicons/revicons.svg]
[www.myrbcl.com/plugins/revslider/public/assets/css/openhand.cur]
[www.myrbcl.com/plugins/revslider/public/assets/css/closedhand.cur]
[www.myrbcl.com/plugins/revslider/public/assets/assets/gridtile.png]
[www.myrbcl.com/plugins/revslider/public/assets/assets/gridtile_white.png]
[www.myrbcl.com/plugins/revslider/public/assets/assets/gridtile_3x3.png]
[www.myrbcl.com/plugins/revslider/public/assets/assets/gridtile_3x3_white.png]
[www.myrbcl.com/plugins/revslider/public/assets/assets/coloredbg.png]
[www.myrbcl.com/plugins/revslider/public/assets/assets/loader.gif]
[www.myrbcl.com/plugins/revslider/public/assets/css/rs6.css]
[www.myrbcl.com/plugins/sportspress/assets/images/maps/pin.png]
[www.myrbcl.com/plugins/sportspress/assets/css/sportspress.css]
[www.myrbcl.com/plugins/sportspress/assets/fonts/sportspress.eot]
[www.myrbcl.com/plugins/sportspress/assets/fonts/sportspress-1.eot]
[www.myrbcl.com/plugins/sportspress/assets/fonts/sportspress.woff2]
[www.myrbcl.com/plugins/sportspress/assets/fonts/sportspress.ttf]
[www.myrbcl.com/plugins/sportspress/assets/fonts/sportspress.woff]
[www.myrbcl.com/plugins/sportspress/assets/fonts/sportspress.svg]
[www.myrbcl.com/plugins/sportspress/assets/css/icons.css]
[www.myrbcl.com/images/preload.gif]
[www.myrbcl.com/images/page-title-background.jpg]
[www.myrbcl.com/images/blog-title-gradient.png]
[www.myrbcl.com/images/blog-title-top-gradient.png]
[www.myrbcl.com/images/404-background.jpg]
[www.myrbcl.com/css/style-core.css]
[www.myrbcl.com/images/court-bg.jpg]
[www.myrbcl.com/images/player-list-shadow.png]
[www.myrbcl.com/plugins/goodlayers-core/include/images/pattern/pattern-1.png]
[www.myrbcl.com/upload/featured-score-1.jpg]
[www.myrbcl.com/upload/service-bg-5.jpg]
[www.myrbcl.com/fonts/Jost-100-Hairline.eot]
[www.myrbcl.com/fonts/Jost-100-Hairline-1.eot]
[www.myrbcl.com/fonts/Jost-100-Hairline.ttf]
[www.myrbcl.com/fonts/Jost-200-Thin.eot]
[www.myrbcl.com/fonts/Jost-200-Thin-1.eot]
[www.myrbcl.com/fonts/Jost-200-Thin.ttf]
[www.myrbcl.com/fonts/Jost-300-Light.eot]
[www.myrbcl.com/fonts/Jost-300-Light-1.eot]
[www.myrbcl.com/fonts/Jost-300-Light.ttf]
[www.myrbcl.com/fonts/Jost-400-Book.eot]
[www.myrbcl.com/fonts/Jost-400-Book-1.eot]
[www.myrbcl.com/fonts/Jost-400-Book.ttf]
[www.myrbcl.com/fonts/Jost-500-Medium.eot]
[www.myrbcl.com/fonts/Jost-500-Medium-1.eot]
[www.myrbcl.com/fonts/Jost-500-Medium.ttf]
[www.myrbcl.com/fonts/Jost-600-Semi.eot]
[www.myrbcl.com/fonts/Jost-600-Semi-1.eot]
[www.myrbcl.com/fonts/Jost-600-Semi.ttf]
[www.myrbcl.com/fonts/Jost-700-Bold.eot]
[www.myrbcl.com/fonts/Jost-700-Bold-1.eot]
[www.myrbcl.com/fonts/Jost-700-Bold.ttf]
[www.myrbcl.com/fonts/Jost-800-Heavy.eot]
[www.myrbcl.com/fonts/Jost-800-Heavy-1.eot]
[www.myrbcl.com/fonts/Jost-800-Heavy.ttf]
[www.myrbcl.com/fonts/Jost-900-Black.eot]
[www.myrbcl.com/fonts/Jost-900-Black-1.eot]
[www.myrbcl.com/fonts/Jost-900-Black.ttf]
[www.myrbcl.com/css/bigslam-style-custom.css]
[www.myrbcl.com/plugins/google-map-plugin/assets/images/nav.html]
[www.myrbcl.com/plugins/google-map-plugin/assets/images/loader.gif]
[www.myrbcl.com/plugins/google-map-plugin/assets/images/wpgmp-toggle-sprite.png]
[www.myrbcl.com/plugins/google-map-plugin/assets/images/cross.png]
[www.myrbcl.com/plugins/google-map-plugin/assets/css/frontend.css]
[www.myrbcl.com/index-2.html]
[www.myrbcl.com/upload/photodune-3281784-soccer-player-m-red-2-600x577.jpg]
[www.myrbcl.com/upload/Georginio-Wijnaldum-600x577.jpg]
[www.myrbcl.com/upload/Joe-Gomez-600x577.jpg]
[www.myrbcl.com/upload/Roberto-Firmino-1-600x577.jpg]
[www.myrbcl.com/upload/salah-600x577.jpg]
[www.myrbcl.com/upload/James-Milner-600x577.jpg]
[www.myrbcl.com/upload/origi-600x577.jpg]
[www.myrbcl.com/what-is-rbcl.html]
[www.myrbcl.com/img/21240105415694164.png]
[www.myrbcl.com/img/212401054156763112 (1).png]
[www.myrbcl.com/img/21240105432418626.png]
[www.myrbcl.com/img/21240105432453037.png]
[www.myrbcl.com/img/21240105432486029.png]
[www.myrbcl.com/img/212401054324513610.png]
[www.myrbcl.com/img/212401054324704110 (1).png]
[www.myrbcl.com/img/212401054324968611.png]
[www.myrbcl.com/img/212401054324116713.png]
[www.myrbcl.com/img/212401054324470114.png]
[www.myrbcl.com/img/21240105432473021.png]
[www.myrbcl.com/img/21240105432474172 (1).png]
[www.myrbcl.com/img/21240105432450993.png]
[www.myrbcl.com/img/0124060243235028SAM_0024.jpg]
[www.myrbcl.com/img/0124060251061142SAM_0018.jpg]
[www.myrbcl.com/img/0225010507214733IMG_0187.jpg]
[www.myrbcl.com/img/0225010510352787IMG_0337.jpg]
[www.myrbcl.com/img/0225010512229423IMG_0261.jpg]
[www.myrbcl.com/img/0225010518196709IMG_0267.jpg]
[www.myrbcl.com/img/0825020706317913MATCH 1 (2).jpg]
[www.myrbcl.com/img/0825020706507842MATCH 1 (1).jpg]
[www.myrbcl.com/img/0825020707165350MATCH 1.jpg]
[www.myrbcl.com/img/0825020707517894AHMEDABAD 1080 (1).jpg]
[www.myrbcl.com/img/0825020710356725MUMBAI TIGER 1 (6).jpg]
[www.myrbcl.com/img/0825020711079978MUMBAI TIGER 1 (5).jpg]
[www.myrbcl.com/img/0825020712471908MUMBAI TIGER 1 (4).jpg]
[www.myrbcl.com/img/0825020713033205MUMBAI TIGER 1 (3).jpg]
[www.myrbcl.com/img/0825020713291432MUMBAI TIGER 1 (2).jpg]
[www.myrbcl.com/img/0825020713455546MUMBAI TIGER 1 (1).jpg]
[www.myrbcl.com/img/0825020713597129MUMBAI TIGER 1.jpg]
[www.myrbcl.com/img/0825020723318845MUMBAI TIGER 1 (6).jpg]
[www.myrbcl.com/img/1025020856036394POST .png]
[www.myrbcl.com/img/1025020856197657POST  (1).jpg]
[www.myrbcl.com/img/1125030617052507RAIPUR 1080P.jpg]
[www.myrbcl.com/img/202503121039167729032025 1080 .jpg]
[www.myrbcl.com/img/202503121050714929032025 1080 .jpg]
[www.myrbcl.com/img/0225041031128247BIHAR ( 1080 .jpg]
[www.myrbcl.com/img/0225041031258212RANCHI 1080P (Instagram Post).jpg]
[www.myrbcl.com/img/0325040830194023MUMBAI TIGER  (6).png]
[www.myrbcl.com/img/0325040830279781MUMBAI TIGER  (5).png]
[www.myrbcl.com/img/0325040830354011MUMBAI TIGER  (4).png]
[www.myrbcl.com/img/0325040830453288MUMBAI TIGER  (3).png]
[www.myrbcl.com/img/0325040831014626MUMBAI TIGER  (2).png]
[www.myrbcl.com/img/0325040831101506MUMBAI TIGER  (1).png]
[www.myrbcl.com/img/0325040831198712MUMBAI TIGER .png]
[www.myrbcl.com/rbcl-gallery.html]
[www.myrbcl.com/upload/brijjmohan.jpg]
[www.myrbcl.com/rbcl-organisers.html]
[www.myrbcl.com/upload/service-bg-3.jpg]
[www.myrbcl.com/rbcl-team.html]
[www.myrbcl.com/process.html]
[www.myrbcl.com/rbcl-documents.html]
[www.myrbcl.com/upload/p3.jpg]
[www.myrbcl.com/rbcl-management.html]
[www.myrbcl.com/contact.html]
[www.myrbcl.com/upload/hp3-slider-1.j]
[www.myrbcl.com/pay-fees.html]
[www.myrbcl.com/registration.html]
[www.myrbcl.com/upload/service-bg-32.html]
[www.myrbcl.com/rbcl-faqs.html]
[www.myrbcl.com/payment-policy.html]
[www.myrbcl.com/myrbcl.com]
[www.myrbcl.com/term-and-condition.html]
[www.myrbcl.com/code-of-conduct.html]
[www.myrbcl.com/js/jquery/jquery.js]
[www.myrbcl.com/js/jquery/jquery-migrate.min.js]
[www.myrbcl.com/Version/index.html]
[www.myrbcl.com/CustomEase.min.html]
[www.myrbcl.com/TweenLite.min.html]
[www.myrbcl.com/plugins/revslider/public/assets/js/revolution.tools.min.js]
[www.myrbcl.com/player.vimeo.com/api/player.js]
[www.myrbcl.com/origin=https_/index.html]
[www.myrbcl.com/plugins/revslider/public/assets/js/rs6.min.js]
[www.myrbcl.com/plugins/snazzy-maps/snazzymaps.js]
[www.myrbcl.com/video/index.html]
[www.myrbcl.com/image/index.html]
[www.myrbcl.com/GET.html]
[www.myrbcl.com/Error pJS - No image.html]
[www.myrbcl.com/plugins/goodlayers-core/plugins/script.js]
[www.myrbcl.com/plugins/goodlayers-core/include/js/page-builder.js]
[www.myrbcl.com/plugins/sportspress/assets/js/jquery.dataTables.min.js]
[www.myrbcl.com/plugins/sportspress/assets/js/sportspress.js]
[www.myrbcl.com/js/jquery/ui/effect.min.js]
[www.myrbcl.com/js/plugins.js]
[www.myrbcl.com/plugins/google-map-plugin/assets/js/maps.js]
[www.myrbcl.com/plugins/goodlayers-core/plugins/fontawesome/fontawesome-webfont.svg]
[www.myrbcl.com/plugins/goodlayers-core/plugins/elegant/ElegantIcons.svg]
[www.myrbcl.com/htdocs_error/style.css]
[www.myrbcl.com/htdocs_error/something-lost.png]
[www.myrbcl.com/plugins/goodlayers-core/plugins/arrow-prev-icon-64.html]
[www.myrbcl.com/plugins/goodlayers-core/plugins/fa5/fa-brands-400.svg]
[www.myrbcl.com/plugins/goodlayers-core/plugins/fa5/fa-regular-400.svg]
[www.myrbcl.com/plugins/goodlayers-core/plugins/fa5/fa-solid-900.svg]
[www.myrbcl.com/plugins/goodlayers-core/plugins/ionicons/ionicons.svg]
[www.myrbcl.com/plugins/goodlayers-core/plugins/simpleline/Simple-Line-Icons.svg]
[www.myrbcl.com/plugins/revslider/public/assets/fonts/revicons/revicons.svg]
[www.myrbcl.com/plugins/sportspress/assets/fonts/sportspress.svg]
[www.myrbcl.com/plugins/google-map-plugin/assets/images/nav.html]
[www.myrbcl.com/upload/photodune-3281784-soccer-player-m-red-2-600x577.html]
[www.myrbcl.com/upload/Georginio-Wijnaldum-600x577.html]
[www.myrbcl.com/upload/brijjmohan.html]
[www.myrbcl.com/upload/hp3-slider-1.html]
[www.myrbcl.com/myrbcl.html]
[www.myrbcl.com/Version/index.html]
[www.myrbcl.com/CustomEase.min.html]
[www.myrbcl.com/TweenLite.min.html]
[www.myrbcl.com/player.vimeo.com/api/player.html]
[www.myrbcl.com/origin=https_/index.html]
[www.myrbcl.com/video/index.html]
[www.myrbcl.com/image/index.html]
[www.myrbcl.com/GET.html]
[www.myrbcl.com/Error pJS - No image.html]
[www.myrbcl.com/htdocs_error/style.css]
